
==== Spatial logit summary ====

Call:
glm(formula = y ~ potapov_rh95 + ornl_p_mature + ornl_p_oldgrowth, 
    family = binomial(), data = plt)

Coefficients:
                  Estimate Std. Error z value Pr(>|z|)    
(Intercept)      -3.414614   0.141502 -24.131  < 2e-16 ***
potapov_rh95      0.065192   0.007781   8.379  < 2e-16 ***
ornl_p_mature     0.012132   0.002247   5.399  6.7e-08 ***
ornl_p_oldgrowth  0.012937   0.006108   2.118   0.0342 *  
---
Signif. codes:  0 ‘***’ 0.001 ‘**’ 0.01 ‘*’ 0.05 ‘.’ 0.1 ‘ ’ 1

(Dispersion parameter for binomial family taken to be 1)

    Null deviance: 4681.2  on 6133  degrees of freedom
Residual deviance: 4518.8  on 6130  degrees of freedom
AIC: 4526.8

Number of Fisher Scoring iterations: 5


AUC: 0.650  (n = 6134, prevalence = 0.128)

==== Strata class means (FIA training, n=6134) ====
   strata p_mature p_oldgrowth     n
    <num>    <num>       <num> <int>
1:      3 38.97136    2.563972  2165
2:      4 38.17755    6.491904  1791

==== Wall-to-wall acreage Hagan vs v5.1-spatial ====
      class hagan_n hagan_ac
     <fctr>   <num>    <num>
1:   Not LS  229751   567727
2: Trans LS   52728   130294
3:       LS    5824    14391
4:  OG-like    1793     4431
    class  v51_n v51_ac
   <fctr>  <num>  <num>
1:   <NA> 249566 616691
2:   <NA>  34872  86171
3:   <NA>   5078  12548
4:   <NA>    581   1436

Wall-to-wall complete. Outputs in /users/PUOM0008/crsfaaron/LSOG/output_phase6 
